# name: test_doc_needs_id_builder[test_app0]
  dict({
    'TC_001.json': dict({
      'current_version': '1.0',
      'project': 'Python',
      'versions': dict({
        '1.0': dict({
          'filters': dict({
          }),
          'filters_amount': 0,
          'needs': dict({
            'TC_001': dict({
              'arch': dict({
              }),
              'constraints': list([
              ]),
              'constraints_passed': True,
              'constraints_results': dict({
              }),
              'content_id': 'TC_001',
              'delete': None,
              'description': '',
              'docname': 'index',
              'doctype': '.rst',
              'external_css': 'external_link',
              'external_url': None,
              'full_title': 'Test example',
              'has_dead_links': False,
              'has_forbidden_dead_links': False,
              'id': 'TC_001',
              'is_external': False,
              'is_modified': False,
              'is_need': True,
              'is_part': False,
              'jinja_content': None,
              'layout': '',
              'links': list([
              ]),
              'modifications': 0,
              'parent_need': '',
              'parent_needs': list([
              ]),
              'parts': dict({
              }),
              'post_template': None,
              'pre_template': None,
              'section_name': 'TEST DOCUMENT NEEDS Builder',
              'sections': list([
                'TEST DOCUMENT NEEDS Builder',
              ]),
              'signature': '',
              'status': 'open',
              'style': None,
              'tags': list([
              ]),
              'target_id': 'TC_001',
              'template': None,
              'title': 'Test example',
              'type': 'test',
              'type_name': 'Test Case',
            }),
          }),
          'needs_amount': 1,
        }),
      }),
    }),
    'TC_NEG_001.json': dict({
      'current_version': '1.0',
      'project': 'Python',
      'versions': dict({
        '1.0': dict({
          'filters': dict({
          }),
          'filters_amount': 0,
          'needs': dict({
            'TC_NEG_001': dict({
              'arch': dict({
              }),
              'constraints': list([
              ]),
              'constraints_passed': True,
              'constraints_results': dict({
              }),
              'content_id': 'TC_NEG_001',
              'delete': None,
              'description': '',
              'docname': 'index',
              'doctype': '.rst',
              'external_css': 'external_link',
              'external_url': None,
              'full_title': 'Negative test example',
              'has_dead_links': False,
              'has_forbidden_dead_links': False,
              'id': 'TC_NEG_001',
              'is_external': False,
              'is_modified': False,
              'is_need': True,
              'is_part': False,
              'jinja_content': None,
              'layout': '',
              'links': list([
              ]),
              'modifications': 0,
              'parent_need': '',
              'parent_needs': list([
              ]),
              'parts': dict({
              }),
              'post_template': None,
              'pre_template': None,
              'section_name': 'TEST DOCUMENT NEEDS Builder',
              'sections': list([
                'TEST DOCUMENT NEEDS Builder',
              ]),
              'signature': '',
              'status': 'closed',
              'style': None,
              'tags': list([
              ]),
              'target_id': 'TC_NEG_001',
              'template': None,
              'title': 'Negative test example',
              'type': 'test',
              'type_name': 'Test Case',
            }),
          }),
          'needs_amount': 1,
        }),
      }),
    }),
    'US_63252.json': dict({
      'current_version': '1.0',
      'project': 'Python',
      'versions': dict({
        '1.0': dict({
          'filters': dict({
          }),
          'filters_amount': 0,
          'needs': dict({
            'US_63252': dict({
              'arch': dict({
              }),
              'constraints': list([
              ]),
              'constraints_passed': True,
              'constraints_results': dict({
              }),
              'content_id': 'US_63252',
              'delete': None,
              'description': '',
              'docname': 'index',
              'doctype': '.rst',
              'external_css': 'external_link',
              'external_url': None,
              'full_title': 'A story',
              'has_dead_links': False,
              'has_forbidden_dead_links': False,
              'id': 'US_63252',
              'is_external': False,
              'is_modified': False,
              'is_need': True,
              'is_part': False,
              'jinja_content': None,
              'layout': '',
              'links': list([
              ]),
              'modifications': 0,
              'parent_need': '',
              'parent_needs': list([
              ]),
              'parts': dict({
              }),
              'post_template': None,
              'pre_template': None,
              'section_name': 'TEST DOCUMENT NEEDS Builder',
              'sections': list([
                'TEST DOCUMENT NEEDS Builder',
              ]),
              'signature': '',
              'status': 'in progress',
              'style': None,
              'tags': list([
                '1',
              ]),
              'target_id': 'US_63252',
              'template': None,
              'title': 'A story',
              'type': 'story',
              'type_name': 'User Story',
            }),
          }),
          'needs_amount': 1,
        }),
      }),
    }),
  })
# ---
