# name: test_export_id[test_app0]
  dict({
    'current_version': '1.0',
    'project': 'Python',
    'versions': dict({
      '1.0': dict({
        'filters': dict({
          'FLOW_1': dict({
            'amount': 10,
            'export_id': 'FLOW_1',
            'filter': '',
            'result': list([
              'REQ_001',
              'REQ_002',
              'REQ_003',
              'REQ_004',
              'REQ_005',
              'TEST_001',
              'TEST_002',
              'TEST_003',
              'REQ_005.1',
              'REQ_005.cool',
            ]),
            'status': list([
            ]),
            'tags': list([
            ]),
            'types': list([
            ]),
          }),
          'FLOW_2': dict({
            'amount': 5,
            'export_id': 'FLOW_2',
            'filter': 'is_need is False or type != "story"',
            'result': list([
              'TEST_001',
              'TEST_002',
              'TEST_003',
              'REQ_005.1',
              'REQ_005.cool',
            ]),
            'status': list([
            ]),
            'tags': list([
            ]),
            'types': list([
            ]),
          }),
          'LIST_1': dict({
            'amount': 10,
            'export_id': 'LIST_1',
            'filter': '',
            'result': list([
              'REQ_001',
              'REQ_002',
              'REQ_003',
              'REQ_004',
              'REQ_005',
              'TEST_001',
              'TEST_002',
              'TEST_003',
              'REQ_005.1',
              'REQ_005.cool',
            ]),
            'status': list([
            ]),
            'tags': list([
            ]),
            'types': list([
            ]),
          }),
          'TABLE_1': dict({
            'amount': 10,
            'export_id': 'TABLE_1',
            'filter': '',
            'result': list([
              'REQ_001',
              'REQ_002',
              'REQ_003',
              'REQ_004',
              'REQ_005',
              'TEST_001',
              'TEST_002',
              'TEST_003',
              'REQ_005.1',
              'REQ_005.cool',
            ]),
            'status': list([
            ]),
            'tags': list([
            ]),
            'types': list([
            ]),
          }),
          'TABLE_2': dict({
            'amount': 3,
            'export_id': 'TABLE_2',
            'filter': '"test" in type',
            'result': list([
              'TEST_001',
              'TEST_002',
              'TEST_003',
            ]),
            'status': list([
            ]),
            'tags': list([
            ]),
            'types': list([
            ]),
          }),
        }),
        'filters_amount': 5,
        'needs': dict({
          'REQ_001': dict({
            'arch': dict({
            }),
            'blocks': list([
              'REQ_003',
            ]),
            'constraints': list([
            ]),
            'constraints_passed': True,
            'constraints_results': dict({
            }),
            'content_id': 'REQ_001',
            'delete': None,
            'description': '',
            'docname': 'index',
            'doctype': '.rst',
            'external_css': 'external_link',
            'external_url': None,
            'full_title': 'My requirement',
            'has_dead_links': False,
            'has_forbidden_dead_links': False,
            'id': 'REQ_001',
            'is_external': False,
            'is_modified': False,
            'is_need': True,
            'is_part': False,
            'jinja_content': None,
            'layout': '',
            'links': list([
              'REQ_002',
              'REQ_004',
              'REQ_003',
            ]),
            'modifications': 0,
            'parent_need': '',
            'parent_needs': list([
            ]),
            'parts': dict({
            }),
            'post_template': None,
            'pre_template': None,
            'section_name': 'Stories',
            'sections': list([
              'Stories',
              'EXTRA LINKS DOCUMENT',
            ]),
            'signature': '',
            'status': None,
            'style': None,
            'tags': list([
            ]),
            'target_id': 'REQ_001',
            'template': None,
            'tests': list([
            ]),
            'title': 'My requirement',
            'type': 'story',
            'type_name': 'User Story',
          }),
          'REQ_002': dict({
            'arch': dict({
            }),
            'blocks': list([
            ]),
            'constraints': list([
            ]),
            'constraints_passed': True,
            'constraints_results': dict({
            }),
            'content_id': 'REQ_002',
            'delete': None,
            'description': '',
            'docname': 'index',
            'doctype': '.rst',
            'external_css': 'external_link',
            'external_url': None,
            'full_title': 'My requirement 2',
            'has_dead_links': False,
            'has_forbidden_dead_links': False,
            'id': 'REQ_002',
            'is_external': False,
            'is_modified': False,
            'is_need': True,
            'is_part': False,
            'jinja_content': None,
            'layout': '',
            'links': list([
            ]),
            'modifications': 0,
            'parent_need': '',
            'parent_needs': list([
            ]),
            'parts': dict({
            }),
            'post_template': None,
            'pre_template': None,
            'section_name': 'Stories',
            'sections': list([
              'Stories',
              'EXTRA LINKS DOCUMENT',
            ]),
            'signature': '',
            'status': None,
            'style': None,
            'tags': list([
            ]),
            'target_id': 'REQ_002',
            'template': None,
            'tests': list([
            ]),
            'title': 'My requirement 2',
            'type': 'story',
            'type_name': 'User Story',
          }),
          'REQ_003': dict({
            'arch': dict({
            }),
            'blocks': list([
            ]),
            'constraints': list([
            ]),
            'constraints_passed': True,
            'constraints_results': dict({
            }),
            'content_id': 'REQ_003',
            'delete': None,
            'description': '',
            'docname': 'index',
            'doctype': '.rst',
            'external_css': 'external_link',
            'external_url': None,
            'full_title': 'My requirement 3',
            'has_dead_links': False,
            'has_forbidden_dead_links': False,
            'id': 'REQ_003',
            'is_external': False,
            'is_modified': False,
            'is_need': True,
            'is_part': False,
            'jinja_content': None,
            'layout': '',
            'links': list([
            ]),
            'modifications': 0,
            'parent_need': '',
            'parent_needs': list([
            ]),
            'parts': dict({
            }),
            'post_template': None,
            'pre_template': None,
            'section_name': 'Stories',
            'sections': list([
              'Stories',
              'EXTRA LINKS DOCUMENT',
            ]),
            'signature': '',
            'status': None,
            'style': None,
            'tags': list([
            ]),
            'target_id': 'REQ_003',
            'template': None,
            'tests': list([
            ]),
            'title': 'My requirement 3',
            'type': 'story',
            'type_name': 'User Story',
          }),
          'REQ_004': dict({
            'arch': dict({
            }),
            'blocks': list([
            ]),
            'constraints': list([
            ]),
            'constraints_passed': True,
            'constraints_results': dict({
            }),
            'content_id': 'REQ_004',
            'delete': None,
            'description': '',
            'docname': 'index',
            'doctype': '.rst',
            'external_css': 'external_link',
            'external_url': None,
            'full_title': 'My requirement 4',
            'has_dead_links': False,
            'has_forbidden_dead_links': False,
            'id': 'REQ_004',
            'is_external': False,
            'is_modified': False,
            'is_need': True,
            'is_part': False,
            'jinja_content': None,
            'layout': '',
            'links': list([
            ]),
            'modifications': 0,
            'parent_need': '',
            'parent_needs': list([
            ]),
            'parts': dict({
            }),
            'post_template': None,
            'pre_template': None,
            'section_name': 'Stories',
            'sections': list([
              'Stories',
              'EXTRA LINKS DOCUMENT',
            ]),
            'signature': '',
            'status': None,
            'style': None,
            'tags': list([
            ]),
            'target_id': 'REQ_004',
            'template': None,
            'tests': list([
            ]),
            'title': 'My requirement 4',
            'type': 'story',
            'type_name': 'User Story',
          }),
          'REQ_005': dict({
            'arch': dict({
            }),
            'blocks': list([
              'REQ_001',
            ]),
            'constraints': list([
            ]),
            'constraints_passed': True,
            'constraints_results': dict({
            }),
            'content_id': 'REQ_005',
            'delete': None,
            'description': '''
              :need_part:`(1) awesome part`
              
              :need_part:`(cool) a cool part`
            ''',
            'docname': 'index',
            'doctype': '.rst',
            'external_css': 'external_link',
            'external_url': None,
            'full_title': 'Req 5',
            'has_dead_links': False,
            'has_forbidden_dead_links': False,
            'id': 'REQ_005',
            'is_external': False,
            'is_modified': False,
            'is_need': True,
            'is_part': False,
            'jinja_content': None,
            'layout': '',
            'links': list([
              'REQ_001',
              'REQ_001',
            ]),
            'modifications': 0,
            'parent_need': '',
            'parent_needs': list([
            ]),
            'parts': dict({
              '1': dict({
                'content': ' awesome part',
                'document': 'index',
                'id': '1',
                'is_need': False,
                'is_part': True,
                'links': list([
                ]),
                'links_back': list([
                  'TEST_003',
                ]),
                'tests_back': list([
                  'TEST_003',
                ]),
              }),
              'cool': dict({
                'content': ' a cool part',
                'document': 'index',
                'id': 'cool',
                'is_need': False,
                'is_part': True,
                'links': list([
                ]),
                'links_back': list([
                ]),
                'tests_back': list([
                  'TEST_003',
                ]),
              }),
            }),
            'post_template': None,
            'pre_template': None,
            'section_name': 'Stories',
            'sections': list([
              'Stories',
              'EXTRA LINKS DOCUMENT',
            ]),
            'signature': '',
            'status': None,
            'style': None,
            'tags': list([
            ]),
            'target_id': 'REQ_005',
            'template': None,
            'tests': list([
            ]),
            'title': 'Req 5',
            'type': 'story',
            'type_name': 'User Story',
          }),
          'TEST_001': dict({
            'arch': dict({
            }),
            'blocks': list([
            ]),
            'constraints': list([
            ]),
            'constraints_passed': True,
            'constraints_results': dict({
            }),
            'content_id': 'TEST_001',
            'delete': None,
            'description': '',
            'docname': 'index',
            'doctype': '.rst',
            'external_css': 'external_link',
            'external_url': None,
            'full_title': 'Test of requirements',
            'has_dead_links': False,
            'has_forbidden_dead_links': False,
            'id': 'TEST_001',
            'is_external': False,
            'is_modified': False,
            'is_need': True,
            'is_part': False,
            'jinja_content': None,
            'layout': '',
            'links': list([
            ]),
            'modifications': 0,
            'parent_need': '',
            'parent_needs': list([
            ]),
            'parts': dict({
            }),
            'post_template': None,
            'pre_template': None,
            'section_name': 'Tests',
            'sections': list([
              'Tests',
              'EXTRA LINKS DOCUMENT',
            ]),
            'signature': '',
            'status': None,
            'style': None,
            'tags': list([
            ]),
            'target_id': 'TEST_001',
            'template': None,
            'tests': list([
              'REQ_001',
              'REQ_003',
            ]),
            'title': 'Test of requirements',
            'type': 'test',
            'type_name': 'Test Case',
          }),
          'TEST_002': dict({
            'arch': dict({
            }),
            'blocks': list([
            ]),
            'constraints': list([
            ]),
            'constraints_passed': True,
            'constraints_results': dict({
            }),
            'content_id': 'TEST_002',
            'delete': None,
            'description': '',
            'docname': 'index',
            'doctype': '.rst',
            'external_css': 'external_link',
            'external_url': None,
            'full_title': 'Test of requirements2',
            'has_dead_links': False,
            'has_forbidden_dead_links': False,
            'id': 'TEST_002',
            'is_external': False,
            'is_modified': False,
            'is_need': True,
            'is_part': False,
            'jinja_content': None,
            'layout': '',
            'links': list([
              'TEST_001',
            ]),
            'modifications': 0,
            'parent_need': '',
            'parent_needs': list([
            ]),
            'parts': dict({
            }),
            'post_template': None,
            'pre_template': None,
            'section_name': 'Tests',
            'sections': list([
              'Tests',
              'EXTRA LINKS DOCUMENT',
            ]),
            'signature': '',
            'status': None,
            'style': None,
            'tags': list([
            ]),
            'target_id': 'TEST_002',
            'template': None,
            'tests': list([
              'REQ_001',
            ]),
            'title': 'Test of requirements2',
            'type': 'test',
            'type_name': 'Test Case',
          }),
          'TEST_003': dict({
            'arch': dict({
            }),
            'blocks': list([
            ]),
            'constraints': list([
            ]),
            'constraints_passed': True,
            'constraints_results': dict({
            }),
            'content_id': 'TEST_003',
            'delete': None,
            'description': '',
            'docname': 'index',
            'doctype': '.rst',
            'external_css': 'external_link',
            'external_url': None,
            'full_title': 'Test of requirements 5',
            'has_dead_links': False,
            'has_forbidden_dead_links': False,
            'id': 'TEST_003',
            'is_external': False,
            'is_modified': False,
            'is_need': True,
            'is_part': False,
            'jinja_content': None,
            'layout': '',
            'links': list([
              'REQ_005.1',
            ]),
            'modifications': 0,
            'parent_need': '',
            'parent_needs': list([
            ]),
            'parts': dict({
            }),
            'post_template': None,
            'pre_template': None,
            'section_name': 'Tests',
            'sections': list([
              'Tests',
              'EXTRA LINKS DOCUMENT',
            ]),
            'signature': '',
            'status': None,
            'style': None,
            'tags': list([
            ]),
            'target_id': 'TEST_003',
            'template': None,
            'tests': list([
              'REQ_005.1',
              'REQ_005.cool',
            ]),
            'title': 'Test of requirements 5',
            'type': 'test',
            'type_name': 'Test Case',
          }),
        }),
        'needs_amount': 8,
      }),
    }),
  })
# ---
